2026-09-08T18:44:51.776992 - "GET / HTTP/1.1" 200 -
2026-09-08T18:44:59.610040 - "GET /search?q=test HTTP/1.1" 200 -
2026-09-08T18:45:07.458789 - "GET /user?id=1 HTTP/1.1" 200 -
2026-09-08T18:48:40.683731 - "GET /search?q=<script>alert(1)</script> HTTP/1.1" 200 -
2026-09-08T18:48:55.750546 - "GET /file?name=../requirements.txt HTTP/1.1" 404 -
2026-09-08T18:49:00.653459 - "GET /config HTTP/1.1" 200 -
2026-09-08T18:52:13.973224 - "GET / HTTP/1.1" 200 -
2026-09-08T18:52:49.686186 - "GET / HTTP/1.1" 200 -
2026-09-08T18:52:49.687123 - "GET /file?name=test.txt' HTTP/1.1" 404 -
2026-09-08T18:52:49.687654 - "GET /file?name=test.txt'' HTTP/1.1" 404 -
2026-09-08T18:52:49.688182 - "GET /file?name=test.txt'+OR+'1'='1 HTTP/1.1" 404 -
2026-09-08T18:52:49.688589 - "GET /file?name=test.txt'+OR+'1'='1'+-- HTTP/1.1" 404 -
2026-09-08T18:52:49.689068 - "GET /file?name=test.txt'+UNION+SELECT+NULL-- HTTP/1.1" 404 -
2026-09-08T18:52:49.689401 - "GET /file?name=test.txt';+DROP+TABLE+users-- HTTP/1.1" 404 -
2026-09-08T18:52:49.689731 - "GET /file?name=test.txt'+AND+1=1-- HTTP/1.1" 404 -
2026-09-08T18:52:49.690030 - "GET /file?name=test.txt'+AND+1=2-- HTTP/1.1" 404 -
2026-09-08T18:52:49.690320 - "GET /search?q=test' HTTP/1.1" 200 -
2026-09-08T18:52:49.690636 - "GET /search?q=test'' HTTP/1.1" 200 -
2026-09-08T18:52:49.690940 - "GET /search?q=test'+OR+'1'='1 HTTP/1.1" 200 -
2026-09-08T18:52:49.691247 - "GET /search?q=test'+OR+'1'='1'+-- HTTP/1.1" 200 -
2026-09-08T18:52:49.691562 - "GET /search?q=test'+UNION+SELECT+NULL-- HTTP/1.1" 200 -
2026-09-08T18:52:49.691871 - "GET /search?q=test';+DROP+TABLE+users-- HTTP/1.1" 200 -
2026-09-08T18:52:49.692154 - "GET /search?q=test'+AND+1=1-- HTTP/1.1" 200 -
2026-09-08T18:52:49.692440 - "GET /search?q=test'+AND+1=2-- HTTP/1.1" 200 -
2026-09-08T18:52:49.692723 - "GET /user?id=1' HTTP/1.1" 200 -
2026-09-08T18:52:49.693028 - "GET / HTTP/1.1" 200 -
2026-09-08T18:52:49.693500 - "GET /file?name=test.txt%3Cscript%3Ealert(1)%3C/script%3E HTTP/1.1" 404 -
2026-09-08T18:52:49.693844 - "GET /file?name=test.txt%3Cimg+src=x+onerror=alert(1)%3E HTTP/1.1" 404 -
2026-09-08T18:52:49.694167 - "GET /file?name=test.txt'%3E%3Cscript%3Ealert(1)%3C/script%3E HTTP/1.1" 404 -
2026-09-08T18:52:49.694468 - "GET /file?name=test.txt%22%3E%3Cscript%3Ealert(1)%3C/script%3E HTTP/1.1" 404 -
2026-09-08T18:52:49.694759 - "GET /file?name=test.txtjavascript:alert(1) HTTP/1.1" 404 -
2026-09-08T18:52:49.695037 - "GET /search?q=test%3Cscript%3Ealert(1)%3C/script%3E HTTP/1.1" 200 -
2026-09-08T18:52:49.695338 - "GET /user?id=1%3Cscript%3Ealert(1)%3C/script%3E HTTP/1.1" 200 -
2026-09-08T18:52:49.695645 - "GET / HTTP/1.1" 200 -
2026-09-08T18:52:49.695957 - "GET /robots.txt HTTP/1.1" 404 -
2026-09-08T18:52:49.696235 - "GET /sitemap.xml HTTP/1.1" 404 -
2026-09-08T18:52:49.696530 - "GET /.git/config HTTP/1.1" 404 -
2026-09-08T18:52:49.696894 - "GET /.env HTTP/1.1" 404 -
2026-09-08T18:52:49.697250 - "GET /backup.zip HTTP/1.1" 404 -
2026-09-08T18:52:49.697581 - "GET /admin/ HTTP/1.1" 404 -
2026-09-08T18:52:49.697899 - "GET /phpinfo.php HTTP/1.1" 404 -
2026-09-08T18:52:49.698182 - "GET /wp-config.php HTTP/1.1" 404 -
2026-09-08T18:52:49.698448 - "GET /config.php HTTP/1.1" 404 -
2026-09-08T18:52:49.698740 - "GET /database.sql HTTP/1.1" 404 -
2026-09-08T18:52:49.699017 - "GET /config HTTP/1.1" 200 -
2026-09-08T18:52:49.699382 - "GET / HTTP/1.1" 200 -
2026-09-08T18:55:36.546473 - "GET / HTTP/1.1" 200 -
2026-09-08T18:55:46.921044 - "GET / HTTP/1.1" 200 -
2026-09-08T18:55:46.921950 - "GET /search?q=test' HTTP/1.1" 200 -
2026-09-08T18:55:46.922513 - "GET /search?q=test'' HTTP/1.1" 200 -
2026-09-08T18:55:46.923018 - "GET /search?q=test'+OR+'1'='1 HTTP/1.1" 200 -
2026-09-08T18:55:46.923507 - "GET /search?q=test'+OR+'1'='1'+-- HTTP/1.1" 200 -
2026-09-08T18:55:46.923987 - "GET /search?q=test'+UNION+SELECT+NULL-- HTTP/1.1" 200 -
2026-09-08T18:55:46.924340 - "GET /search?q=test';+DROP+TABLE+users-- HTTP/1.1" 200 -
2026-09-08T18:55:46.924675 - "GET /search?q=test'+AND+1=1-- HTTP/1.1" 200 -
2026-09-08T18:55:46.925003 - "GET /search?q=test'+AND+1=2-- HTTP/1.1" 200 -
2026-09-08T18:55:46.925331 - "GET /file?name=test.txt' HTTP/1.1" 404 -
2026-09-08T18:55:46.925688 - "GET /file?name=test.txt'' HTTP/1.1" 404 -
2026-09-08T18:55:46.926030 - "GET /file?name=test.txt'+OR+'1'='1 HTTP/1.1" 404 -
2026-09-08T18:55:46.926373 - "GET /file?name=test.txt'+OR+'1'='1'+-- HTTP/1.1" 404 -
2026-09-08T18:55:46.926712 - "GET /file?name=test.txt'+UNION+SELECT+NULL-- HTTP/1.1" 404 -
2026-09-08T18:55:46.927032 - "GET /file?name=test.txt';+DROP+TABLE+users-- HTTP/1.1" 404 -
2026-09-08T18:55:46.927350 - "GET /file?name=test.txt'+AND+1=1-- HTTP/1.1" 404 -
2026-09-08T18:55:46.927673 - "GET /file?name=test.txt'+AND+1=2-- HTTP/1.1" 404 -
2026-09-08T18:55:46.928046 - "GET /user?id=1' HTTP/1.1" 200 -
2026-09-08T18:55:46.928423 - "GET / HTTP/1.1" 200 -
2026-09-08T18:55:46.928840 - "GET /search?q=test%3Cscript%3Ealert(1)%3C/script%3E HTTP/1.1" 200 -
2026-09-08T18:55:46.929198 - "GET /file?name=test.txt%3Cscript%3Ealert(1)%3C/script%3E HTTP/1.1" 404 -
2026-09-08T18:55:46.929545 - "GET /file?name=test.txt%3Cimg+src=x+onerror=alert(1)%3E HTTP/1.1" 404 -
2026-09-08T18:55:46.929871 - "GET /file?name=test.txt'%3E%3Cscript%3Ealert(1)%3C/script%3E HTTP/1.1" 404 -
2026-09-08T18:55:46.930184 - "GET /file?name=test.txt%22%3E%3Cscript%3Ealert(1)%3C/script%3E HTTP/1.1" 404 -
2026-09-08T18:55:46.930517 - "GET /file?name=test.txtjavascript:alert(1) HTTP/1.1" 404 -
2026-09-08T18:55:46.930853 - "GET /user?id=1%3Cscript%3Ealert(1)%3C/script%3E HTTP/1.1" 200 -
2026-09-08T18:55:46.931184 - "GET / HTTP/1.1" 200 -
2026-09-08T18:55:46.931561 - "GET /robots.txt HTTP/1.1" 404 -
2026-09-08T18:55:46.931918 - "GET /sitemap.xml HTTP/1.1" 404 -
2026-09-08T18:55:46.932746 - "GET /.git/config HTTP/1.1" 404 -
2026-09-08T18:55:46.933555 - "GET /.env HTTP/1.1" 404 -
2026-09-08T18:55:46.934223 - "GET /backup.zip HTTP/1.1" 404 -
2026-09-08T18:55:46.934804 - "GET /admin/ HTTP/1.1" 404 -
2026-09-08T18:55:46.935380 - "GET /phpinfo.php HTTP/1.1" 404 -
2026-09-08T18:55:46.936068 - "GET /wp-config.php HTTP/1.1" 404 -
2026-09-08T18:55:46.936623 - "GET /config.php HTTP/1.1" 404 -
2026-09-08T18:55:46.937159 - "GET /database.sql HTTP/1.1" 404 -
2026-09-08T18:55:46.937692 - "GET /config HTTP/1.1" 200 -
2026-09-08T18:55:46.938282 - "GET / HTTP/1.1" 200 -
2026-09-08T18:55:55.215338 - "GET /search?q=<script>alert(1)</script> HTTP/1.1" 200 -
2026-09-08T18:56:02.369889 - "GET /user?id=1%27%20OR%20%271%27=%271 HTTP/1.1" 200 -
2026-09-08T18:56:10.323196 - "GET /file?name=../../etc/passwd HTTP/1.1" 404 -
2026-09-08T18:56:18.115871 - "GET /config HTTP/1.1" 200 -
2026-09-08T19:39:56.401040 - "GET / HTTP/1.1" 200 -
2026-09-08T19:40:31.676234 - "GET / HTTP/1.1" 200 -
2026-09-08T19:40:32.012565 - "GET / HTTP/1.1" 200 -
2026-09-08T19:40:32.013621 - "GET /robots.txt HTTP/1.1" 404 -
2026-09-08T19:40:32.014346 - "GET /sitemap.xml HTTP/1.1" 404 -
2026-09-08T19:40:32.014939 - "GET /.git/config HTTP/1.1" 404 -
2026-09-08T19:40:32.015534 - "GET /.env HTTP/1.1" 404 -
2026-09-08T19:40:32.016106 - "GET /backup.zip HTTP/1.1" 404 -
2026-09-08T19:40:32.016716 - "GET /admin/ HTTP/1.1" 404 -
2026-09-08T19:40:32.017298 - "GET /phpinfo.php HTTP/1.1" 404 -
2026-09-08T19:40:32.017922 - "GET /wp-config.php HTTP/1.1" 404 -
2026-09-08T19:40:32.018462 - "GET /config.php HTTP/1.1" 404 -
2026-09-08T19:40:32.019005 - "GET /database.sql HTTP/1.1" 404 -
2026-09-08T19:40:32.019584 - "GET /config HTTP/1.1" 200 -
2026-09-08T19:41:34.900495 - "GET /admin HTTP/1.1" 200 -
2026-09-08T19:41:34.901534 - "GET /login HTTP/1.1" 404 -
2026-09-08T19:41:34.902202 - "GET /wp-admin HTTP/1.1" 404 -
2026-09-08T19:41:34.902921 - "GET /administrator HTTP/1.1" 404 -
2026-09-08T19:41:34.903631 - "GET /backup HTTP/1.1" 404 -
2026-09-08T19:41:34.904205 - "GET /config HTTP/1.1" 200 -
2026-09-08T19:41:34.905126 - "GET /uploads HTTP/1.1" 404 -
2026-09-08T19:41:34.905899 - "GET /images HTTP/1.1" 404 -
2026-09-08T19:41:34.906502 - "GET /css HTTP/1.1" 404 -
2026-09-08T19:41:34.907023 - "GET /js HTTP/1.1" 404 -
2026-09-08T19:41:34.907605 - "GET /api HTTP/1.1" 404 -
2026-09-08T19:41:34.908278 - "GET /test HTTP/1.1" 404 -
2026-09-08T19:41:34.908856 - "GET /dev HTTP/1.1" 404 -
2026-09-08T19:41:34.909403 - "GET /robots.txt HTTP/1.1" 404 -
2026-09-08T19:41:34.909947 - "GET /sitemap.xml HTTP/1.1" 404 -
2026-09-08T19:41:34.910464 - "GET /.git HTTP/1.1" 404 -
2026-09-08T19:41:34.910965 - "GET /.env HTTP/1.1" 404 -
2026-09-08T19:41:34.911490 - "GET /phpinfo.php HTTP/1.1" 404 -
2026-09-08T19:41:34.912018 - "GET /info.php HTTP/1.1" 404 -
2026-09-08T19:41:34.912519 - "GET /server-status HTTP/1.1" 404 -
2026-09-08T19:42:36.282480 - "GET /admin HTTP/1.1" 200 -
2026-09-08T19:42:36.283325 - "GET /login HTTP/1.1" 404 -
2026-09-08T19:42:36.283816 - "GET /wp-admin HTTP/1.1" 404 -
2026-09-08T19:42:36.284238 - "GET /administrator HTTP/1.1" 404 -
2026-09-08T19:42:36.284737 - "GET /backup HTTP/1.1" 404 -
2026-09-08T19:42:36.285176 - "GET /config HTTP/1.1" 200 -
2026-09-08T19:42:36.285603 - "GET /uploads HTTP/1.1" 404 -
2026-09-08T19:42:36.286038 - "GET /images HTTP/1.1" 404 -
2026-09-08T19:42:36.286326 - "GET /css HTTP/1.1" 404 -
2026-09-08T19:42:36.286587 - "GET /js HTTP/1.1" 404 -
2026-09-08T19:42:36.286837 - "GET /api HTTP/1.1" 404 -
2026-09-08T19:42:36.287087 - "GET /test HTTP/1.1" 404 -
2026-09-08T19:42:36.287338 - "GET /dev HTTP/1.1" 404 -
2026-09-08T19:42:36.287581 - "GET /robots.txt HTTP/1.1" 404 -
2026-09-08T19:42:36.287831 - "GET /sitemap.xml HTTP/1.1" 404 -
2026-09-08T19:42:36.288077 - "GET /.git HTTP/1.1" 404 -
2026-09-08T19:42:36.288315 - "GET /.env HTTP/1.1" 404 -
2026-09-08T19:42:36.288544 - "GET /phpinfo.php HTTP/1.1" 404 -
2026-09-08T19:42:36.288774 - "GET /info.php HTTP/1.1" 404 -
2026-09-08T19:42:36.288996 - "GET /server-status HTTP/1.1" 404 -
2026-09-08T19:43:03.197079 - "GET /admin HTTP/1.1" 200 -
2026-09-08T19:43:03.198264 - "GET /login HTTP/1.1" 404 -
2026-09-08T19:43:03.198764 - "GET /wp-admin HTTP/1.1" 404 -
2026-09-08T19:43:03.199126 - "GET /administrator HTTP/1.1" 404 -
2026-09-08T19:43:03.199450 - "GET /backup HTTP/1.1" 404 -
2026-09-08T19:43:03.199740 - "GET /config HTTP/1.1" 200 -
2026-09-08T19:43:03.200132 - "GET /uploads HTTP/1.1" 404 -
2026-09-08T19:43:03.200435 - "GET /images HTTP/1.1" 404 -
2026-09-08T19:43:03.200708 - "GET /css HTTP/1.1" 404 -
2026-09-08T19:43:03.200961 - "GET /js HTTP/1.1" 404 -
2026-09-08T19:43:03.201229 - "GET /api HTTP/1.1" 404 -
2026-09-08T19:43:03.201507 - "GET /test HTTP/1.1" 404 -
2026-09-08T19:43:03.201848 - "GET /dev HTTP/1.1" 404 -
2026-09-08T19:43:03.202153 - "GET /robots.txt HTTP/1.1" 404 -
2026-09-08T19:43:03.202438 - "GET /sitemap.xml HTTP/1.1" 404 -
2026-09-08T19:43:03.202686 - "GET /.git HTTP/1.1" 404 -
2026-09-08T19:43:03.202926 - "GET /.env HTTP/1.1" 404 -
2026-09-08T19:43:03.203166 - "GET /phpinfo.php HTTP/1.1" 404 -
2026-09-08T19:43:03.203419 - "GET /info.php HTTP/1.1" 404 -
2026-09-08T19:43:03.203659 - "GET /server-status HTTP/1.1" 404 -
